python : DEBUG:asyncio:Using proactor: IocpProactor
At line:1 char:1
+ python test_medical_endpoint.py 2>&1 > test_output.txt; cat test_outp ...
+ ~~~~~~~~~~~~~~~~~~~~~~~~~~~~~~~~~~~~~~~~~~~~~~~~~~~~~~
    + CategoryInfo          : NotSpecified: (DEBUG:asyncio:U...r: IocpProactor 
   :String) [], RemoteException
    + FullyQualifiedErrorId : NativeCommandError
 
DEBUG:httpcore.connection:connect_tcp.started host='127.0.0.1' port=8000 
local_address=None timeout=30 socket_options=None
DEBUG:httpcore.connection:connect_tcp.complete 
return_value=<httpcore._backends.anyio.AnyIOStream object at 
0x0000025842996590>
DEBUG:httpcore.http11:send_request_headers.started request=<Request [b'POST']>
DEBUG:httpcore.http11:send_request_headers.complete
DEBUG:httpcore.http11:send_request_body.started request=<Request [b'POST']>
DEBUG:httpcore.http11:send_request_body.complete
DEBUG:httpcore.http11:receive_response_headers.started request=<Request 
[b'POST']>
DEBUG:httpcore.http11:receive_response_headers.complete 
return_value=(b'HTTP/1.1', 500, b'Internal Server Error', [(b'date', b'Wed, 29 
Apr 2026 14:32:34 GMT'), (b'server', b'uvicorn'), (b'content-length', b'56'), 
(b'content-type', b'application/json'), (b'x-process-time', 
b'0.8842365741729736')])
INFO:httpx:HTTP Request: POST 
http://127.0.0.1:8000/api/ai/medical-history/69dbaf38ab5bc30344949b08/analyze 
"HTTP/1.1 500 Internal Server Error"
DEBUG:httpcore.http11:receive_response_body.started request=<Request [b'POST']>
DEBUG:httpcore.http11:receive_response_body.complete
DEBUG:httpcore.http11:response_closed.started
DEBUG:httpcore.http11:response_closed.complete
DEBUG:httpcore.connection:close.started
DEBUG:httpcore.connection:close.complete
Testing endpoint: http://127.0.0.1:8000/api/ai/medical-history/69dbaf38ab5bc30344949b08/analyze
Payload: {
  "medical_history": {
    "condition_name": "PCOS",
    "category": "Hormonal",
    "start": "2020-01-15",
    "date_diagnosed": "2020-06-20",
    "notes": "Diagnosed with irregular periods and elevated testosterone levels"
  }
}
--------------------------------------------------------------------------------
Status Code: 500
Response:
{"detail":"AI analysis failed. Please try again later."}
--------------------------------------------------------------------------------
ERROR: Expected 200, got 500
Error Details: {
  "detail": "AI analysis failed. Please try again later."
}
